../Core/Src/main.cpp:83:6:void uart_transmission_task(void*)	280	static
../Core/Src/main.cpp:99:6:void uart_queue_init()	16	static
../Core/Src/main.cpp:111:6:void send_json_queued(cJSON*)	280	static
../Core/Src/main.cpp:130:6:void HAL_UART_TxCpltCallback(UART_HandleTypeDef*)	24	static,ignoring_inline_asm
../Core/Src/main.cpp:155:5:int main()	48	static
../Core/Src/main.cpp:237:6:void SystemClock_Config()	96	static
../Core/Src/main.cpp:298:13:void MX_USART2_UART_Init()	8	static
../Core/Src/main.cpp:331:13:void MX_DMA_Init()	16	static
../Core/Src/main.cpp:349:13:void MX_GPIO_Init()	40	static
../Core/Src/main.cpp:387:6:void StartDefaultTask(const void*)	16	static
../Core/Src/main.cpp:402:6:void Error_Handler()	4	static,ignoring_inline_asm
